Begin date: Tue Feb 11 14:53:38 CET 2025

Study accession from study.txt: PRJEB14688

runs in study: ERR1514472
cat: Cell type
llm_entropy: inf
llm_value: None
hr_entry: None
cat: UBERON term
llm_entropy: 1.7397873401641846
llm_value: UBERON:0002100 + Bone marrow
hr_entry: None
cat: Tissue type
llm_entropy: 1.050113320350647
llm_value: Bone marrow
hr_entry: None
cat: Cell line
llm_entropy: 1.384932279586792
llm_value: Primary tissue
hr_entry: None
cat: DOT term
llm_entropy: 3.122128486633301
llm_value: Estimated - DOID:0080600 + Cellular aging, DOID:0001827 + Musculoskeletal system disease  (Estimated - need validation with external database for the specific disease)
hr_entry: None

runs in study: ERR1514464
cat: Cell type
llm_entropy: inf
llm_value: None
hr_entry: None
cat: UBERON term
llm_entropy: 1.7397873401641846
llm_value: UBERON:0002100 + Bone marrow
hr_entry: None
cat: Tissue type
llm_entropy: 1.050113320350647
llm_value: Bone marrow
hr_entry: None
cat: Cell line
llm_entropy: 1.384932279586792
llm_value: Primary tissue
hr_entry: None
cat: DOT term
llm_entropy: 3.122128486633301
llm_value: Estimated - DOID:0080600 + Cellular aging, DOID:0001827 + Musculoskeletal system disease  (Estimated - need validation with external database for the specific disease)
hr_entry: None

runs in study: ERR1514456
cat: Cell type
llm_entropy: inf
llm_value: None
hr_entry: None
cat: UBERON term
llm_entropy: 1.7397873401641846
llm_value: UBERON:0002100 + Bone marrow
hr_entry: None
cat: Tissue type
llm_entropy: 1.050113320350647
llm_value: Bone marrow
hr_entry: None
cat: Cell line
llm_entropy: 1.384932279586792
llm_value: Primary tissue
hr_entry: None
cat: DOT term
llm_entropy: 3.122128486633301
llm_value: Estimated - DOID:0080600 + Cellular aging, DOID:0001827 + Musculoskeletal system disease  (Estimated - need validation with external database for the specific disease)
hr_entry: None

runs in study: ERR1514452
cat: Cell type
llm_entropy: inf
llm_value: None
hr_entry: None
cat: UBERON term
llm_entropy: 1.7397873401641846
llm_value: UBERON:0002100 + Bone marrow
hr_entry: None
cat: Tissue type
llm_entropy: 1.050113320350647
llm_value: Bone marrow
hr_entry: None
cat: Cell line
llm_entropy: 1.384932279586792
llm_value: Primary tissue
hr_entry: None
cat: DOT term
llm_entropy: 3.122128486633301
llm_value: Estimated - DOID:0080600 + Cellular aging, DOID:0001827 + Musculoskeletal system disease  (Estimated - need validation with external database for the specific disease)
hr_entry: None

Study accession from study.txt: PRJNA997353

runs in study: SRR25387948
cat: Cell type
llm_entropy: 2.55715274810791
llm_value: Epithelial cells, Stromal cells, Immune cells (Inferred based on prostate tissue composition)
hr_entry: None
cat: UBERON term
llm_entropy: 2.4971117973327637
llm_value: UBERON:0002367 + Prostate (Estimated; further validation recommended for specificity, e.g., GTEx)
hr_entry: None
cat: Tissue type
llm_entropy: inf
llm_value: None
hr_entry: None
cat: Cell line
llm_entropy: 1.2777347564697266
llm_value: Primary tissue
hr_entry: None
cat: DOT term
llm_entropy: 1.6846437454223633
llm_value: DOID:10283 + Prostate cancer (Validated)
hr_entry: None

runs in study: SRR25387905
cat: Cell type
llm_entropy: 2.55715274810791
llm_value: Epithelial cells, Stromal cells, Immune cells (Inferred based on prostate tissue composition)
hr_entry: None
cat: UBERON term
llm_entropy: 2.4971117973327637
llm_value: UBERON:0002367 + Prostate (Estimated; further validation recommended for specificity, e.g., GTEx)
hr_entry: None
cat: Tissue type
llm_entropy: inf
llm_value: None
hr_entry: None
cat: Cell line
llm_entropy: 1.2777347564697266
llm_value: Primary tissue
hr_entry: None
cat: DOT term
llm_entropy: 1.6846437454223633
llm_value: DOID:10283 + Prostate cancer (Validated)
hr_entry: None

runs in study: SRR25387928
cat: Cell type
llm_entropy: 2.55715274810791
llm_value: Epithelial cells, Stromal cells, Immune cells (Inferred based on prostate tissue composition)
hr_entry: None
cat: UBERON term
llm_entropy: 2.4971117973327637
llm_value: UBERON:0002367 + Prostate (Estimated; further validation recommended for specificity, e.g., GTEx)
hr_entry: None
cat: Tissue type
llm_entropy: inf
llm_value: None
hr_entry: None
cat: Cell line
llm_entropy: 1.2777347564697266
llm_value: Primary tissue
hr_entry: None
cat: DOT term
llm_entropy: 1.6846437454223633
llm_value: DOID:10283 + Prostate cancer (Validated)
hr_entry: None

runs in study: SRR25387955
cat: Cell type
llm_entropy: 2.55715274810791
llm_value: Epithelial cells, Stromal cells, Immune cells (Inferred based on prostate tissue composition)
hr_entry: None
cat: UBERON term
llm_entropy: 2.4971117973327637
llm_value: UBERON:0002367 + Prostate (Estimated; further validation recommended for specificity, e.g., GTEx)
hr_entry: None
cat: Tissue type
llm_entropy: inf
llm_value: None
hr_entry: None
cat: Cell line
llm_entropy: 1.2777347564697266
llm_value: Primary tissue
hr_entry: None
cat: DOT term
llm_entropy: 1.6846437454223633
llm_value: DOID:10283 + Prostate cancer (Validated)
hr_entry: None

runs in study: SRR25387977
cat: Cell type
llm_entropy: 2.55715274810791
llm_value: Epithelial cells, Stromal cells, Immune cells (Inferred based on prostate tissue composition)
hr_entry: None
cat: UBERON term
llm_entropy: 2.4971117973327637
llm_value: UBERON:0002367 + Prostate (Estimated; further validation recommended for specificity, e.g., GTEx)
hr_entry: None
cat: Tissue type
llm_entropy: inf
llm_value: None
hr_entry: None
cat: Cell line
llm_entropy: 1.2777347564697266
llm_value: Primary tissue
hr_entry: None
cat: DOT term
llm_entropy: 1.6846437454223633
llm_value: DOID:10283 + Prostate cancer (Validated)
hr_entry: None

runs in study: SRR25387871
cat: Cell type
llm_entropy: 2.55715274810791
llm_value: Epithelial cells, Stromal cells, Immune cells (Inferred based on prostate tissue composition)
hr_entry: None
cat: UBERON term
llm_entropy: 2.4971117973327637
llm_value: UBERON:0002367 + Prostate (Estimated; further validation recommended for specificity, e.g., GTEx)
hr_entry: None
cat: Tissue type
llm_entropy: inf
llm_value: None
hr_entry: None
cat: Cell line
llm_entropy: 1.2777347564697266
llm_value: Primary tissue
hr_entry: None
cat: DOT term
llm_entropy: 1.6846437454223633
llm_value: DOID:10283 + Prostate cancer (Validated)
hr_entry: None

Study accession from study.txt: PRJNA773413

runs in study: SRR16522667
cat: Cell type
llm_entropy: 1.153200626373291
llm_value: Neuron (Inferred)
hr_entry: None
cat: UBERON term
llm_entropy: 2.3324718475341797
llm_value: UBERON:0000955 + Brain; UBERON:0001876 + Hippocampus; UBERON:0001388 + Cortex
hr_entry: None
cat: Tissue type
llm_entropy: inf
llm_value: None
hr_entry: None
cat: Cell line
llm_entropy: 1.3844325542449951
llm_value: Primary tissue
hr_entry: None
cat: DOT term
llm_entropy: 1.654179573059082
llm_value: DOID:3312 + Epilepsy (Validated)
hr_entry: None

Study accession from study.txt: PRJEB21050

runs in study: ERR1993153
cat: Cell type
llm_entropy: 1.8772779703140259
llm_value: Epithelial cells, immune cells (Inferred)
hr_entry: None
cat: UBERON term
llm_entropy: 1.5711640119552612
llm_value: UBERON:0003708 (Terminal ileum)
hr_entry: None
cat: Tissue type
llm_entropy: 1.3427233695983887
llm_value: Ileal tissue
hr_entry: None
cat: Cell line
llm_entropy: 1.0048363208770752
llm_value: Primary tissue
hr_entry: None
cat: DOT term
llm_entropy: 1.791724443435669
llm_value: DOID:877 (Crohn's disease) (Estimated)
hr_entry: None

runs in study: ERR1993156
cat: Cell type
llm_entropy: 1.8772779703140259
llm_value: Epithelial cells, immune cells (Inferred)
hr_entry: None
cat: UBERON term
llm_entropy: 1.5711640119552612
llm_value: UBERON:0003708 (Terminal ileum)
hr_entry: None
cat: Tissue type
llm_entropy: 1.3427233695983887
llm_value: Ileal tissue
hr_entry: None
cat: Cell line
llm_entropy: 1.0048363208770752
llm_value: Primary tissue
hr_entry: None
cat: DOT term
llm_entropy: 1.791724443435669
llm_value: DOID:877 (Crohn's disease) (Estimated)
hr_entry: None

runs in study: ERR1993158
cat: Cell type
llm_entropy: 1.8772779703140259
llm_value: Epithelial cells, immune cells (Inferred)
hr_entry: None
cat: UBERON term
llm_entropy: 1.5711640119552612
llm_value: UBERON:0003708 (Terminal ileum)
hr_entry: None
cat: Tissue type
llm_entropy: 1.3427233695983887
llm_value: Ileal tissue
hr_entry: None
cat: Cell line
llm_entropy: 1.0048363208770752
llm_value: Primary tissue
hr_entry: None
cat: DOT term
llm_entropy: 1.791724443435669
llm_value: DOID:877 (Crohn's disease) (Estimated)
hr_entry: None

Study accession from study.txt: PRJNA817436

runs in study: SRR18363200
cat: Cell type
llm_entropy: 2.301206111907959
llm_value: Adipocytes, Immune cells (inferred from Adipose tissue context)
hr_entry: None
cat: UBERON term
llm_entropy: 2.4135308265686035
llm_value: UBERON:0000948 + Adipose tissue (Estimated, requires GTEx validation for specificity)
hr_entry: None
cat: Tissue type
llm_entropy: inf
llm_value: None
hr_entry: None
cat: Cell line
llm_entropy: 1.3651014566421509
llm_value: Primary tissue
hr_entry: None
cat: DOT term
llm_entropy: 2.526711940765381
llm_value: DOID:9352 + Type 2 Diabetes (Validated), DOID:0060686 + Normal Glucose Tolerance (Validated)
hr_entry: None

runs in study: SRR18363159
cat: Cell type
llm_entropy: 2.301206111907959
llm_value: Adipocytes, Immune cells (inferred from Adipose tissue context)
hr_entry: None
cat: UBERON term
llm_entropy: 2.4135308265686035
llm_value: UBERON:0000948 + Adipose tissue (Estimated, requires GTEx validation for specificity)
hr_entry: None
cat: Tissue type
llm_entropy: inf
llm_value: None
hr_entry: None
cat: Cell line
llm_entropy: 1.3651014566421509
llm_value: Primary tissue
hr_entry: None
cat: DOT term
llm_entropy: 2.526711940765381
llm_value: DOID:9352 + Type 2 Diabetes (Validated), DOID:0060686 + Normal Glucose Tolerance (Validated)
hr_entry: None

Study accession from study.txt: PRJNA318642

runs in study: SRR3393497
cat: Cell type
llm_entropy: inf
llm_value: None
hr_entry: None
cat: UBERON term
llm_entropy: 2.934575080871582
llm_value: UBERON:0002371 - caudate nucleus, likely extending to UBERON:0002370 - putamen as mentioned "caudate-putamen tissue" in the metadata. Further validation is recommended.
hr_entry: None
cat: Tissue type
llm_entropy: inf
llm_value: None
hr_entry: None
cat: Cell line
llm_entropy: inf
llm_value: None
hr_entry: None
cat: DOT term
llm_entropy: inf
llm_value: None
hr_entry: None

runs in study: SRR3393496
cat: Cell type
llm_entropy: inf
llm_value: None
hr_entry: None
cat: UBERON term
llm_entropy: 2.934575080871582
llm_value: UBERON:0002371 - caudate nucleus, likely extending to UBERON:0002370 - putamen as mentioned "caudate-putamen tissue" in the metadata. Further validation is recommended.
hr_entry: None
cat: Tissue type
llm_entropy: inf
llm_value: None
hr_entry: None
cat: Cell line
llm_entropy: inf
llm_value: None
hr_entry: None
cat: DOT term
llm_entropy: inf
llm_value: None
hr_entry: None

runs in study: SRR3393509
cat: Cell type
llm_entropy: inf
llm_value: None
hr_entry: None
cat: UBERON term
llm_entropy: 2.934575080871582
llm_value: UBERON:0002371 - caudate nucleus, likely extending to UBERON:0002370 - putamen as mentioned "caudate-putamen tissue" in the metadata. Further validation is recommended.
hr_entry: None
cat: Tissue type
llm_entropy: inf
llm_value: None
hr_entry: None
cat: Cell line
llm_entropy: inf
llm_value: None
hr_entry: None
cat: DOT term
llm_entropy: inf
llm_value: None
hr_entry: None

runs in study: SRR3393505
cat: Cell type
llm_entropy: inf
llm_value: None
hr_entry: None
cat: UBERON term
llm_entropy: 2.934575080871582
llm_value: UBERON:0002371 - caudate nucleus, likely extending to UBERON:0002370 - putamen as mentioned "caudate-putamen tissue" in the metadata. Further validation is recommended.
hr_entry: None
cat: Tissue type
llm_entropy: inf
llm_value: None
hr_entry: None
cat: Cell line
llm_entropy: inf
llm_value: None
hr_entry: None
cat: DOT term
llm_entropy: inf
llm_value: None
hr_entry: None

runs in study: SRR3393521
cat: Cell type
llm_entropy: inf
llm_value: None
hr_entry: None
cat: UBERON term
llm_entropy: 2.934575080871582
llm_value: UBERON:0002371 - caudate nucleus, likely extending to UBERON:0002370 - putamen as mentioned "caudate-putamen tissue" in the metadata. Further validation is recommended.
hr_entry: None
cat: Tissue type
llm_entropy: inf
llm_value: None
hr_entry: None
cat: Cell line
llm_entropy: inf
llm_value: None
hr_entry: None
cat: DOT term
llm_entropy: inf
llm_value: None
hr_entry: None

Study accession from study.txt: PRJEB21619

runs in study: ERR2022828
cat: Cell type
llm_entropy: 2.1209239959716797
llm_value: Estimated: Melanocytes (skin), Mammary gland cells (breast)
hr_entry: None
cat: UBERON term
llm_entropy: 2.040156841278076
llm_value: UBERON:0001911 + Breast, UBERON:0009613 + Skin
hr_entry: None
cat: Tissue type
llm_entropy: 2.0770368576049805
llm_value: Normal human tissue, Melanoma, Breast cancer
hr_entry: None
cat: Cell line
llm_entropy: 2.4319944381713867
llm_value: 13 melanoma samples and 7 breast cancer cell lines, Primary tissue
hr_entry: None
cat: DOT term
llm_entropy: 2.3539159297943115
llm_value: DOID:1909 + Melanoma (Validated), DOID:3459 + Breast cancer (Estimated)
hr_entry: None

runs in study: ERR2022830
cat: Cell type
llm_entropy: 2.1209239959716797
llm_value: Estimated: Melanocytes (skin), Mammary gland cells (breast)
hr_entry: None
cat: UBERON term
llm_entropy: 2.040156841278076
llm_value: UBERON:0001911 + Breast, UBERON:0009613 + Skin
hr_entry: None
cat: Tissue type
llm_entropy: 2.0770368576049805
llm_value: Normal human tissue, Melanoma, Breast cancer
hr_entry: None
cat: Cell line
llm_entropy: 2.4319944381713867
llm_value: 13 melanoma samples and 7 breast cancer cell lines, Primary tissue
hr_entry: None
cat: DOT term
llm_entropy: 2.3539159297943115
llm_value: DOID:1909 + Melanoma (Validated), DOID:3459 + Breast cancer (Estimated)
hr_entry: None

runs in study: ERR2022845
cat: Cell type
llm_entropy: 2.1209239959716797
llm_value: Estimated: Melanocytes (skin), Mammary gland cells (breast)
hr_entry: None
cat: UBERON term
llm_entropy: 2.040156841278076
llm_value: UBERON:0001911 + Breast, UBERON:0009613 + Skin
hr_entry: None
cat: Tissue type
llm_entropy: 2.0770368576049805
llm_value: Normal human tissue, Melanoma, Breast cancer
hr_entry: None
cat: Cell line
llm_entropy: 2.4319944381713867
llm_value: 13 melanoma samples and 7 breast cancer cell lines, Primary tissue
hr_entry: None
cat: DOT term
llm_entropy: 2.3539159297943115
llm_value: DOID:1909 + Melanoma (Validated), DOID:3459 + Breast cancer (Estimated)
hr_entry: None

Study accession from study.txt: PRJNA637378

runs in study: SRR13485948
cat: Cell type
llm_entropy: 2.291795253753662
llm_value: Neuron (Estimated)
hr_entry: None
cat: UBERON term
llm_entropy: 1.55999755859375
llm_value: UBERON:0001876 + Amygdala
hr_entry: None
cat: Tissue type
llm_entropy: inf
llm_value: None
hr_entry: None
cat: Cell line
llm_entropy: 1.3689250946044922
llm_value: Primary tissue
hr_entry: None
cat: DOT term
llm_entropy: 1.3860381841659546
llm_value: DOID:10652 + Child Abuse (Validated), DOID:162 + Psychopathology (Estimated)
hr_entry: None

runs in study: SRR11927151
cat: Cell type
llm_entropy: 2.291795253753662
llm_value: Neuron (Estimated)
hr_entry: None
cat: UBERON term
llm_entropy: 1.55999755859375
llm_value: UBERON:0001876 + Amygdala
hr_entry: None
cat: Tissue type
llm_entropy: inf
llm_value: None
hr_entry: None
cat: Cell line
llm_entropy: 1.3689250946044922
llm_value: Primary tissue
hr_entry: None
cat: DOT term
llm_entropy: 1.3860381841659546
llm_value: DOID:10652 + Child Abuse (Validated), DOID:162 + Psychopathology (Estimated)
hr_entry: None

runs in study: SRR11927146
cat: Cell type
llm_entropy: 2.291795253753662
llm_value: Neuron (Estimated)
hr_entry: None
cat: UBERON term
llm_entropy: 1.55999755859375
llm_value: UBERON:0001876 + Amygdala
hr_entry: None
cat: Tissue type
llm_entropy: inf
llm_value: None
hr_entry: None
cat: Cell line
llm_entropy: 1.3689250946044922
llm_value: Primary tissue
hr_entry: None
cat: DOT term
llm_entropy: 1.3860381841659546
llm_value: DOID:10652 + Child Abuse (Validated), DOID:162 + Psychopathology (Estimated)
hr_entry: None

runs in study: SRR11927147
cat: Cell type
llm_entropy: 2.291795253753662
llm_value: Neuron (Estimated)
hr_entry: None
cat: UBERON term
llm_entropy: 1.55999755859375
llm_value: UBERON:0001876 + Amygdala
hr_entry: None
cat: Tissue type
llm_entropy: inf
llm_value: None
hr_entry: None
cat: Cell line
llm_entropy: 1.3689250946044922
llm_value: Primary tissue
hr_entry: None
cat: DOT term
llm_entropy: 1.3860381841659546
llm_value: DOID:10652 + Child Abuse (Validated), DOID:162 + Psychopathology (Estimated)
hr_entry: None

runs in study: SRR11927142
cat: Cell type
llm_entropy: 2.291795253753662
llm_value: Neuron (Estimated)
hr_entry: None
cat: UBERON term
llm_entropy: 1.55999755859375
llm_value: UBERON:0001876 + Amygdala
hr_entry: None
cat: Tissue type
llm_entropy: inf
llm_value: None
hr_entry: None
cat: Cell line
llm_entropy: 1.3689250946044922
llm_value: Primary tissue
hr_entry: None
cat: DOT term
llm_entropy: 1.3860381841659546
llm_value: DOID:10652 + Child Abuse (Validated), DOID:162 + Psychopathology (Estimated)
hr_entry: None

runs in study: SRR11927149
cat: Cell type
llm_entropy: 2.291795253753662
llm_value: Neuron (Estimated)
hr_entry: None
cat: UBERON term
llm_entropy: 1.55999755859375
llm_value: UBERON:0001876 + Amygdala
hr_entry: None
cat: Tissue type
llm_entropy: inf
llm_value: None
hr_entry: None
cat: Cell line
llm_entropy: 1.3689250946044922
llm_value: Primary tissue
hr_entry: None
cat: DOT term
llm_entropy: 1.3860381841659546
llm_value: DOID:10652 + Child Abuse (Validated), DOID:162 + Psychopathology (Estimated)
hr_entry: None

Study accession from study.txt: PRJNA914646

runs in study: SRR22925389
cat: Cell type
llm_entropy: 2.139463186264038
llm_value: Trophoblasts, Placental endothelial cells, Decidual cells (Inferred)
hr_entry: None
cat: UBERON term
llm_entropy: 1.2998147010803223
llm_value: UBERON:0000949 (Placenta)
hr_entry: None
cat: Tissue type
llm_entropy: inf
llm_value: None
hr_entry: None
cat: Cell line
llm_entropy: 1.3685996532440186
llm_value: Primary tissue
hr_entry: None
cat: DOT term
llm_entropy: 2.7862043380737305
llm_value: None
hr_entry: None

runs in study: SRR22925347
cat: Cell type
llm_entropy: 2.139463186264038
llm_value: Trophoblasts, Placental endothelial cells, Decidual cells (Inferred)
hr_entry: None
cat: UBERON term
llm_entropy: 1.2998147010803223
llm_value: UBERON:0000949 (Placenta)
hr_entry: None
cat: Tissue type
llm_entropy: inf
llm_value: None
hr_entry: None
cat: Cell line
llm_entropy: 1.3685996532440186
llm_value: Primary tissue
hr_entry: None
cat: DOT term
llm_entropy: 2.7862043380737305
llm_value: None
hr_entry: None

runs in study: SRR22925262
cat: Cell type
llm_entropy: 2.139463186264038
llm_value: Trophoblasts, Placental endothelial cells, Decidual cells (Inferred)
hr_entry: None
cat: UBERON term
llm_entropy: 1.2998147010803223
llm_value: UBERON:0000949 (Placenta)
hr_entry: None
cat: Tissue type
llm_entropy: inf
llm_value: None
hr_entry: None
cat: Cell line
llm_entropy: 1.3685996532440186
llm_value: Primary tissue
hr_entry: None
cat: DOT term
llm_entropy: 2.7862043380737305
llm_value: None
hr_entry: None

runs in study: SRR22925402
cat: Cell type
llm_entropy: 2.139463186264038
llm_value: Trophoblasts, Placental endothelial cells, Decidual cells (Inferred)
hr_entry: None
cat: UBERON term
llm_entropy: 1.2998147010803223
llm_value: UBERON:0000949 (Placenta)
hr_entry: None
cat: Tissue type
llm_entropy: inf
llm_value: None
hr_entry: None
cat: Cell line
llm_entropy: 1.3685996532440186
llm_value: Primary tissue
hr_entry: None
cat: DOT term
llm_entropy: 2.7862043380737305
llm_value: None
hr_entry: None

Study accession from study.txt: PRJNA908818

runs in study: SRR22532373
cat: Cell type
llm_entropy: inf
llm_value: None
hr_entry: None
cat: UBERON term
llm_entropy: 1.7227815389633179
llm_value: UBERON:0000178 + Peripheral blood
hr_entry: None
cat: Tissue type
llm_entropy: inf
llm_value: None
hr_entry: None
cat: Cell line
llm_entropy: 1.3860749006271362
llm_value: Primary tissue
hr_entry: None
cat: DOT term
llm_entropy: 1.8918867111206055
llm_value: DOID:5062 + Cigarette dependence (Estimated)
hr_entry: None

runs in study: SRR22532366
cat: Cell type
llm_entropy: inf
llm_value: None
hr_entry: None
cat: UBERON term
llm_entropy: 1.7227815389633179
llm_value: UBERON:0000178 + Peripheral blood
hr_entry: None
cat: Tissue type
llm_entropy: inf
llm_value: None
hr_entry: None
cat: Cell line
llm_entropy: 1.3860749006271362
llm_value: Primary tissue
hr_entry: None
cat: DOT term
llm_entropy: 1.8918867111206055
llm_value: DOID:5062 + Cigarette dependence (Estimated)
hr_entry: None

runs in study: SRR22532397
cat: Cell type
llm_entropy: inf
llm_value: None
hr_entry: None
cat: UBERON term
llm_entropy: 1.7227815389633179
llm_value: UBERON:0000178 + Peripheral blood
hr_entry: None
cat: Tissue type
llm_entropy: inf
llm_value: None
hr_entry: None
cat: Cell line
llm_entropy: 1.3860749006271362
llm_value: Primary tissue
hr_entry: None
cat: DOT term
llm_entropy: 1.8918867111206055
llm_value: DOID:5062 + Cigarette dependence (Estimated)
hr_entry: None

Study accession from study.txt: PRJNA342787

runs in study: SRR4240818
cat: Cell type
llm_entropy: 2.571080207824707
llm_value: Muscle cells (inferred from muscle tissue); Cardiac muscle cells (inferred from heart tissue)
hr_entry: None
cat: UBERON term
llm_entropy: 1.8398053646087646
llm_value: UBERON:0002106 (Muscle tissue); UBERON:0000948 (Heart)
hr_entry: None
cat: Tissue type
llm_entropy: inf
llm_value: None
hr_entry: None
cat: Cell line
llm_entropy: 1.3406500816345215
llm_value: Primary tissue
hr_entry: None
cat: DOT term
llm_entropy: 3.016031265258789
llm_value: DOID:396 (Myotonic Dystrophy Type 1) - Validated; DOID:0060766 (Duchenne Muscular Dystrophy) - Validated; DOID:0060768 (Myotonic Dystrophy Type 2) - Validated
hr_entry: None

runs in study: SRR4240784
cat: Cell type
llm_entropy: 2.571080207824707
llm_value: Muscle cells (inferred from muscle tissue); Cardiac muscle cells (inferred from heart tissue)
hr_entry: None
cat: UBERON term
llm_entropy: 1.8398053646087646
llm_value: UBERON:0002106 (Muscle tissue); UBERON:0000948 (Heart)
hr_entry: None
cat: Tissue type
llm_entropy: inf
llm_value: None
hr_entry: None
cat: Cell line
llm_entropy: 1.3406500816345215
llm_value: Primary tissue
hr_entry: None
cat: DOT term
llm_entropy: 3.016031265258789
llm_value: DOID:396 (Myotonic Dystrophy Type 1) - Validated; DOID:0060766 (Duchenne Muscular Dystrophy) - Validated; DOID:0060768 (Myotonic Dystrophy Type 2) - Validated
hr_entry: None

runs in study: SRR4240816
cat: Cell type
llm_entropy: 2.571080207824707
llm_value: Muscle cells (inferred from muscle tissue); Cardiac muscle cells (inferred from heart tissue)
hr_entry: None
cat: UBERON term
llm_entropy: 1.8398053646087646
llm_value: UBERON:0002106 (Muscle tissue); UBERON:0000948 (Heart)
hr_entry: None
cat: Tissue type
llm_entropy: inf
llm_value: None
hr_entry: None
cat: Cell line
llm_entropy: 1.3406500816345215
llm_value: Primary tissue
hr_entry: None
cat: DOT term
llm_entropy: 3.016031265258789
llm_value: DOID:396 (Myotonic Dystrophy Type 1) - Validated; DOID:0060766 (Duchenne Muscular Dystrophy) - Validated; DOID:0060768 (Myotonic Dystrophy Type 2) - Validated
hr_entry: None

Study accession from study.txt: PRJNA450481

runs in study: SRR7012371
cat: Cell type
llm_entropy: 2.1706924438476562
llm_value: Breast epithelial cells (inferred from the tissue type)
hr_entry: None
cat: UBERON term
llm_entropy: 1.6649998426437378
llm_value: UBERON:0001911 - Mammary gland
hr_entry: None
cat: Tissue type
llm_entropy: inf
llm_value: None
hr_entry: None
cat: Cell line
llm_entropy: 1.2771100997924805
llm_value: Primary tissue
hr_entry: None
cat: DOT term
llm_entropy: 2.072765827178955
llm_value: Estimated - DOID:3459 - Breast cancer
hr_entry: None

runs in study: SRR7012370
cat: Cell type
llm_entropy: 2.1706924438476562
llm_value: Breast epithelial cells (inferred from the tissue type)
hr_entry: None
cat: UBERON term
llm_entropy: 1.6649998426437378
llm_value: UBERON:0001911 - Mammary gland
hr_entry: None
cat: Tissue type
llm_entropy: inf
llm_value: None
hr_entry: None
cat: Cell line
llm_entropy: 1.2771100997924805
llm_value: Primary tissue
hr_entry: None
cat: DOT term
llm_entropy: 2.072765827178955
llm_value: Estimated - DOID:3459 - Breast cancer
hr_entry: None

Study accession from study.txt: PRJNA901963

runs in study: SRR22302323
cat: Cell type
llm_entropy: inf
llm_value: None
hr_entry: None
cat: UBERON term
llm_entropy: 1.9797979593276978
llm_value: UBERON:0002106 + Fibrous connective tissue (Estimated)
hr_entry: None
cat: Tissue type
llm_entropy: 1.3366777896881104
llm_value: Fibroblasts, Monocytes
hr_entry: None
cat: Cell line
llm_entropy: 1.3862924575805664
llm_value: Primary tissue
hr_entry: None
cat: DOT term
llm_entropy: 2.542825698852539
llm_value: DOID:0050675 + Mycobacterial infection (Validated), DOID:8469 + Immune system disease (Validated)
hr_entry: None

runs in study: SRR22302252
cat: Cell type
llm_entropy: inf
llm_value: None
hr_entry: None
cat: UBERON term
llm_entropy: 1.9797979593276978
llm_value: UBERON:0002106 + Fibrous connective tissue (Estimated)
hr_entry: None
cat: Tissue type
llm_entropy: 1.3366777896881104
llm_value: Fibroblasts, Monocytes
hr_entry: None
cat: Cell line
llm_entropy: 1.3862924575805664
llm_value: Primary tissue
hr_entry: None
cat: DOT term
llm_entropy: 2.542825698852539
llm_value: DOID:0050675 + Mycobacterial infection (Validated), DOID:8469 + Immune system disease (Validated)
hr_entry: None

runs in study: SRR22302246
cat: Cell type
llm_entropy: inf
llm_value: None
hr_entry: None
cat: UBERON term
llm_entropy: 1.9797979593276978
llm_value: UBERON:0002106 + Fibrous connective tissue (Estimated)
hr_entry: None
cat: Tissue type
llm_entropy: 1.3366777896881104
llm_value: Fibroblasts, Monocytes
hr_entry: None
cat: Cell line
llm_entropy: 1.3862924575805664
llm_value: Primary tissue
hr_entry: None
cat: DOT term
llm_entropy: 2.542825698852539
llm_value: DOID:0050675 + Mycobacterial infection (Validated), DOID:8469 + Immune system disease (Validated)
hr_entry: None

runs in study: SRR22302267
cat: Cell type
llm_entropy: inf
llm_value: None
hr_entry: None
cat: UBERON term
llm_entropy: 1.9797979593276978
llm_value: UBERON:0002106 + Fibrous connective tissue (Estimated)
hr_entry: None
cat: Tissue type
llm_entropy: 1.3366777896881104
llm_value: Fibroblasts, Monocytes
hr_entry: None
cat: Cell line
llm_entropy: 1.3862924575805664
llm_value: Primary tissue
hr_entry: None
cat: DOT term
llm_entropy: 2.542825698852539
llm_value: DOID:0050675 + Mycobacterial infection (Validated), DOID:8469 + Immune system disease (Validated)
hr_entry: None

Study accession from study.txt: PRJNA326252

runs in study: SRR3703035
cat: Cell type
llm_entropy: 2.1446216106414795
llm_value: Thyroid epithelial cells (Inferred from tissue type)
hr_entry: None
cat: UBERON term
llm_entropy: 2.2732295989990234
llm_value: UBERON:0000178 - Thyroid gland (Inferred from study context)
hr_entry: None
cat: Tissue type
llm_entropy: inf
llm_value: None
hr_entry: None
cat: Cell line
llm_entropy: 1.1654623746871948
llm_value: Primary tissue
hr_entry: None
cat: DOT term
llm_entropy: 2.0053982734680176
llm_value: DOID:2945 - Papillary thyroid carcinoma (Validated)
hr_entry: None

runs in study: SRR3703027
cat: Cell type
llm_entropy: 2.1446216106414795
llm_value: Thyroid epithelial cells (Inferred from tissue type)
hr_entry: None
cat: UBERON term
llm_entropy: 2.2732295989990234
llm_value: UBERON:0000178 - Thyroid gland (Inferred from study context)
hr_entry: None
cat: Tissue type
llm_entropy: inf
llm_value: None
hr_entry: None
cat: Cell line
llm_entropy: 1.1654623746871948
llm_value: Primary tissue
hr_entry: None
cat: DOT term
llm_entropy: 2.0053982734680176
llm_value: DOID:2945 - Papillary thyroid carcinoma (Validated)
hr_entry: None

runs in study: SRR3703033
cat: Cell type
llm_entropy: 2.1446216106414795
llm_value: Thyroid epithelial cells (Inferred from tissue type)
hr_entry: None
cat: UBERON term
llm_entropy: 2.2732295989990234
llm_value: UBERON:0000178 - Thyroid gland (Inferred from study context)
hr_entry: None
cat: Tissue type
llm_entropy: inf
llm_value: None
hr_entry: None
cat: Cell line
llm_entropy: 1.1654623746871948
llm_value: Primary tissue
hr_entry: None
cat: DOT term
llm_entropy: 2.0053982734680176
llm_value: DOID:2945 - Papillary thyroid carcinoma (Validated)
hr_entry: None

Study accession from study.txt: PRJNA666441

runs in study: SRR12743486
cat: Cell type
llm_entropy: 0.49870389699935913
llm_value: Lung tissue cells (inference from lung tissue samples) - possible types include but are not limited to, pneumocytes, alveolar macrophages, and bronchial epithelial cells.
hr_entry: None
cat: UBERON term
llm_entropy: inf
llm_value: None
hr_entry: None
cat: Tissue type
llm_entropy: inf
llm_value: Lung tissue
hr_entry: None
cat: Cell line
llm_entropy: inf
llm_value: None
hr_entry: None
cat: DOT term
llm_entropy: inf
llm_value: None
hr_entry: None

runs in study: SRR12743482
cat: Cell type
llm_entropy: 0.49870389699935913
llm_value: Lung tissue cells (inference from lung tissue samples) - possible types include but are not limited to, pneumocytes, alveolar macrophages, and bronchial epithelial cells.
hr_entry: None
cat: UBERON term
llm_entropy: inf
llm_value: None
hr_entry: None
cat: Tissue type
llm_entropy: inf
llm_value: Lung tissue
hr_entry: None
cat: Cell line
llm_entropy: inf
llm_value: None
hr_entry: None
cat: DOT term
llm_entropy: inf
llm_value: None
hr_entry: None

runs in study: SRR12743479
cat: Cell type
llm_entropy: 0.49870389699935913
llm_value: Lung tissue cells (inference from lung tissue samples) - possible types include but are not limited to, pneumocytes, alveolar macrophages, and bronchial epithelial cells.
hr_entry: None
cat: UBERON term
llm_entropy: inf
llm_value: None
hr_entry: None
cat: Tissue type
llm_entropy: inf
llm_value: Lung tissue
hr_entry: None
cat: Cell line
llm_entropy: inf
llm_value: None
hr_entry: None
cat: DOT term
llm_entropy: inf
llm_value: None
hr_entry: None

Study accession from study.txt: PRJEB43164

runs in study: ERR5320476
cat: Cell type
llm_entropy: 2.098829984664917
llm_value: Adipocytes (inferred from context - Adipose tissue)
hr_entry: None
cat: UBERON term
llm_entropy: 1.5656306743621826
llm_value: UBERON:0001255 (Adipose tissue)
hr_entry: None
cat: Tissue type
llm_entropy: 1.2636889219284058
llm_value: Adipose tissue
hr_entry: None
cat: Cell line
llm_entropy: 1.1609159708023071
llm_value: Primary tissue
hr_entry: None
cat: DOT term
llm_entropy: 1.6092629432678223
llm_value: Estimated: DOID:10652 (Obesity)
hr_entry: None

runs in study: ERR5320465
cat: Cell type
llm_entropy: 2.098829984664917
llm_value: Adipocytes (inferred from context - Adipose tissue)
hr_entry: None
cat: UBERON term
llm_entropy: 1.5656306743621826
llm_value: UBERON:0001255 (Adipose tissue)
hr_entry: None
cat: Tissue type
llm_entropy: 1.2636889219284058
llm_value: Adipose tissue
hr_entry: None
cat: Cell line
llm_entropy: 1.1609159708023071
llm_value: Primary tissue
hr_entry: None
cat: DOT term
llm_entropy: 1.6092629432678223
llm_value: Estimated: DOID:10652 (Obesity)
hr_entry: None

Study accession from study.txt: PRJNA374861

runs in study: SRR5259641
cat: Cell type
llm_entropy: 1.9475575685501099
llm_value: Epithelial cells (Inferred from duodenum context)
hr_entry: None
cat: UBERON term
llm_entropy: 1.9828753471374512
llm_value: UBERON:0002115 - Duodenum (Estimated, requires validation)
hr_entry: None
cat: Tissue type
llm_entropy: inf
llm_value: None
hr_entry: None
cat: Cell line
llm_entropy: 1.3327592611312866
llm_value: Primary tissue
hr_entry: None
cat: DOT term
llm_entropy: 2.3794243335723877
llm_value: DOID:2841 - Familial adenomatous polyposis (Validated), DOID:684 - Adenoma (Validated)
hr_entry: None

runs in study: SRR5259629
cat: Cell type
llm_entropy: 1.9475575685501099
llm_value: Epithelial cells (Inferred from duodenum context)
hr_entry: None
cat: UBERON term
llm_entropy: 1.9828753471374512
llm_value: UBERON:0002115 - Duodenum (Estimated, requires validation)
hr_entry: None
cat: Tissue type
llm_entropy: inf
llm_value: None
hr_entry: None
cat: Cell line
llm_entropy: 1.3327592611312866
llm_value: Primary tissue
hr_entry: None
cat: DOT term
llm_entropy: 2.3794243335723877
llm_value: DOID:2841 - Familial adenomatous polyposis (Validated), DOID:684 - Adenoma (Validated)
hr_entry: None

runs in study: SRR5259631
cat: Cell type
llm_entropy: 1.9475575685501099
llm_value: Epithelial cells (Inferred from duodenum context)
hr_entry: None
cat: UBERON term
llm_entropy: 1.9828753471374512
llm_value: UBERON:0002115 - Duodenum (Estimated, requires validation)
hr_entry: None
cat: Tissue type
llm_entropy: inf
llm_value: None
hr_entry: None
cat: Cell line
llm_entropy: 1.3327592611312866
llm_value: Primary tissue
hr_entry: None
cat: DOT term
llm_entropy: 2.3794243335723877
llm_value: DOID:2841 - Familial adenomatous polyposis (Validated), DOID:684 - Adenoma (Validated)
hr_entry: None

runs in study: SRR5259635
cat: Cell type
llm_entropy: 1.9475575685501099
llm_value: Epithelial cells (Inferred from duodenum context)
hr_entry: None
cat: UBERON term
llm_entropy: 1.9828753471374512
llm_value: UBERON:0002115 - Duodenum (Estimated, requires validation)
hr_entry: None
cat: Tissue type
llm_entropy: inf
llm_value: None
hr_entry: None
cat: Cell line
llm_entropy: 1.3327592611312866
llm_value: Primary tissue
hr_entry: None
cat: DOT term
llm_entropy: 2.3794243335723877
llm_value: DOID:2841 - Familial adenomatous polyposis (Validated), DOID:684 - Adenoma (Validated)
hr_entry: None

Study accession from study.txt: PRJNA819837

runs in study: SRR18572062
cat: Cell type
llm_entropy: 2.6382880210876465
llm_value: Inferred - Respiratory epithelial cells, Fibroblasts, and other lung tissue constituent cells; Estimated
hr_entry: None
cat: UBERON term
llm_entropy: 1.7478053569793701
llm_value: UBERON:0002048 - Lung; Estimated
hr_entry: None
cat: Tissue type
llm_entropy: inf
llm_value: None
hr_entry: None
cat: Cell line
llm_entropy: 1.1230669021606445
llm_value: Primary tissue
hr_entry: None
cat: DOT term
llm_entropy: 2.072253704071045
llm_value: DOID:0050150 - Idiopathic Pulmonary Fibrosis; Validated
hr_entry: None

Study accession from study.txt: PRJNA669882

runs in study: SRR12844808
cat: Cell type
llm_entropy: 2.830482006072998
llm_value: Inferred - Motor neurons and skeletal muscle cells (based on spinal cord, diaphragm, and iliopsoas tissues)
hr_entry: None
cat: UBERON term
llm_entropy: 1.1512590646743774
llm_value: UBERON:0002240 (spinal cord), UBERON:0000945 (diaphragm), UBERON:0000976 (iliopsoas muscle)
hr_entry: None
cat: Tissue type
llm_entropy: inf
llm_value: None
hr_entry: None
cat: Cell line
llm_entropy: 2.2866499423980713
llm_value: Primary tissue
hr_entry: None
cat: DOT term
llm_entropy: 2.7460849285125732
llm_value: Estimated - DOID:8875 (Spinal Muscular Atrophy) - Validation: Estimated based on study title "SMA cases"
hr_entry: None

Study accession from study.txt: PRJNA574470

runs in study: SRR10192694
cat: Cell type
llm_entropy: 2.542433738708496
llm_value: Neurons, Astrocytes, Immune cells (Inferred from context - Further validation recommended for specificity)
hr_entry: None
cat: UBERON term
llm_entropy: 2.4565699100494385
llm_value: UBERON:0001476 + Hippocampus (Estimated - Further validation recommended to specify subfields)
hr_entry: None
cat: Tissue type
llm_entropy: inf
llm_value: None
hr_entry: None
cat: Cell line
llm_entropy: 1.240033745765686
llm_value: Primary tissue
hr_entry: None
cat: DOT term
llm_entropy: 1.7417027950286865
llm_value: DOID:5418 + Schizophrenia (Validated)
hr_entry: None

runs in study: SRR10192689
cat: Cell type
llm_entropy: 2.542433738708496
llm_value: Neurons, Astrocytes, Immune cells (Inferred from context - Further validation recommended for specificity)
hr_entry: None
cat: UBERON term
llm_entropy: 2.4565699100494385
llm_value: UBERON:0001476 + Hippocampus (Estimated - Further validation recommended to specify subfields)
hr_entry: None
cat: Tissue type
llm_entropy: inf
llm_value: None
hr_entry: None
cat: Cell line
llm_entropy: 1.240033745765686
llm_value: Primary tissue
hr_entry: None
cat: DOT term
llm_entropy: 1.7417027950286865
llm_value: DOID:5418 + Schizophrenia (Validated)
hr_entry: None

runs in study: SRR10192640
cat: Cell type
llm_entropy: 2.542433738708496
llm_value: Neurons, Astrocytes, Immune cells (Inferred from context - Further validation recommended for specificity)
hr_entry: None
cat: UBERON term
llm_entropy: 2.4565699100494385
llm_value: UBERON:0001476 + Hippocampus (Estimated - Further validation recommended to specify subfields)
hr_entry: None
cat: Tissue type
llm_entropy: inf
llm_value: None
hr_entry: None
cat: Cell line
llm_entropy: 1.240033745765686
llm_value: Primary tissue
hr_entry: None
cat: DOT term
llm_entropy: 1.7417027950286865
llm_value: DOID:5418 + Schizophrenia (Validated)
hr_entry: None

runs in study: SRR10192663
cat: Cell type
llm_entropy: 2.542433738708496
llm_value: Neurons, Astrocytes, Immune cells (Inferred from context - Further validation recommended for specificity)
hr_entry: None
cat: UBERON term
llm_entropy: 2.4565699100494385
llm_value: UBERON:0001476 + Hippocampus (Estimated - Further validation recommended to specify subfields)
hr_entry: None
cat: Tissue type
llm_entropy: inf
llm_value: None
hr_entry: None
cat: Cell line
llm_entropy: 1.240033745765686
llm_value: Primary tissue
hr_entry: None
cat: DOT term
llm_entropy: 1.7417027950286865
llm_value: DOID:5418 + Schizophrenia (Validated)
hr_entry: None

Study accession from study.txt: PRJNA975585

runs in study: SRR24709859
cat: Cell type
llm_entropy: 2.7054643630981445
llm_value: Estimated: Venous endothelial cells, Smooth muscle cells, Fibroblasts (inferred from tissue type: Upper limb vein)
hr_entry: None
cat: UBERON term
llm_entropy: 2.421908378601074
llm_value: UBERON:0004539 + Upper limb vein; UBERON:0004539 + Upper limb vein
hr_entry: None
cat: Tissue type
llm_entropy: inf
llm_value: None
hr_entry: None
cat: Cell line
llm_entropy: 1.3121349811553955
llm_value: Primary tissue
hr_entry: None
cat: DOT term
llm_entropy: 1.7567154169082642
llm_value: Estimated: DOID:114 + Kidney disease
hr_entry: None

runs in study: SRR24709858
cat: Cell type
llm_entropy: 2.7054643630981445
llm_value: Estimated: Venous endothelial cells, Smooth muscle cells, Fibroblasts (inferred from tissue type: Upper limb vein)
hr_entry: None
cat: UBERON term
llm_entropy: 2.421908378601074
llm_value: UBERON:0004539 + Upper limb vein; UBERON:0004539 + Upper limb vein
hr_entry: None
cat: Tissue type
llm_entropy: inf
llm_value: None
hr_entry: None
cat: Cell line
llm_entropy: 1.3121349811553955
llm_value: Primary tissue
hr_entry: None
cat: DOT term
llm_entropy: 1.7567154169082642
llm_value: Estimated: DOID:114 + Kidney disease
hr_entry: None

Study accession from study.txt: PRJNA726237

runs in study: SRR14362364
cat: Cell type
llm_entropy: 1.2593343257904053
llm_value: Cardiac Myocytes (inferred)
hr_entry: None
cat: UBERON term
llm_entropy: 1.847418189048767
llm_value: UBERON:0000948 - Right Atrium Appendage
hr_entry: None
cat: Tissue type
llm_entropy: inf
llm_value: None
hr_entry: None
cat: Cell line
llm_entropy: 1.330183982849121
llm_value: Primary tissue
hr_entry: None
cat: DOT term
llm_entropy: 2.0087063312530518
llm_value: DOID:0070126 - Ischemic Heart Disease (Estimated)
hr_entry: None

runs in study: SRR14362368
cat: Cell type
llm_entropy: 1.2593343257904053
llm_value: Cardiac Myocytes (inferred)
hr_entry: None
cat: UBERON term
llm_entropy: 1.847418189048767
llm_value: UBERON:0000948 - Right Atrium Appendage
hr_entry: None
cat: Tissue type
llm_entropy: inf
llm_value: None
hr_entry: None
cat: Cell line
llm_entropy: 1.330183982849121
llm_value: Primary tissue
hr_entry: None
cat: DOT term
llm_entropy: 2.0087063312530518
llm_value: DOID:0070126 - Ischemic Heart Disease (Estimated)
hr_entry: None

runs in study: SRR14362361
cat: Cell type
llm_entropy: 1.2593343257904053
llm_value: Cardiac Myocytes (inferred)
hr_entry: None
cat: UBERON term
llm_entropy: 1.847418189048767
llm_value: UBERON:0000948 - Right Atrium Appendage
hr_entry: None
cat: Tissue type
llm_entropy: inf
llm_value: None
hr_entry: None
cat: Cell line
llm_entropy: 1.330183982849121
llm_value: Primary tissue
hr_entry: None
cat: DOT term
llm_entropy: 2.0087063312530518
llm_value: DOID:0070126 - Ischemic Heart Disease (Estimated)
hr_entry: None

runs in study: SRR14362378
cat: Cell type
llm_entropy: 1.2593343257904053
llm_value: Cardiac Myocytes (inferred)
hr_entry: None
cat: UBERON term
llm_entropy: 1.847418189048767
llm_value: UBERON:0000948 - Right Atrium Appendage
hr_entry: None
cat: Tissue type
llm_entropy: inf
llm_value: None
hr_entry: None
cat: Cell line
llm_entropy: 1.330183982849121
llm_value: Primary tissue
hr_entry: None
cat: DOT term
llm_entropy: 2.0087063312530518
llm_value: DOID:0070126 - Ischemic Heart Disease (Estimated)
hr_entry: None

runs in study: SRR14362371
cat: Cell type
llm_entropy: 1.2593343257904053
llm_value: Cardiac Myocytes (inferred)
hr_entry: None
cat: UBERON term
llm_entropy: 1.847418189048767
llm_value: UBERON:0000948 - Right Atrium Appendage
hr_entry: None
cat: Tissue type
llm_entropy: inf
llm_value: None
hr_entry: None
cat: Cell line
llm_entropy: 1.330183982849121
llm_value: Primary tissue
hr_entry: None
cat: DOT term
llm_entropy: 2.0087063312530518
llm_value: DOID:0070126 - Ischemic Heart Disease (Estimated)
hr_entry: None

Study accession from study.txt: PRJNA885014

runs in study: SRR21736658
cat: Cell type
llm_entropy: 2.276420831680298
llm_value: Oligodendrocytes, Astrocytes, Microglia (inferred from central nervous system white matter)
hr_entry: None
cat: UBERON term
llm_entropy: 2.1244022846221924
llm_value: UBERON:0002106 + Central nervous system white matter
hr_entry: None
cat: Tissue type
llm_entropy: inf
llm_value: None
hr_entry: None
cat: Cell line
llm_entropy: 1.3569668531417847
llm_value: Primary tissue
hr_entry: None
cat: DOT term
llm_entropy: 1.7628350257873535
llm_value: DOID:10010 (Validated) + Multiple sclerosis
hr_entry: None

Study accession from study.txt: PRJNA1046163

runs in study: SRR26974282
cat: Cell type
llm_entropy: inf
llm_value: None
hr_entry: None
cat: UBERON term
llm_entropy: 1.8984166383743286
llm_value: UBERON:0001134 + Skeletal Muscle Tissue
hr_entry: None
cat: Tissue type
llm_entropy: inf
llm_value: None
hr_entry: None
cat: Cell line
llm_entropy: inf
llm_value: None
hr_entry: None
cat: DOT term
llm_entropy: inf
llm_value: None
hr_entry: None

Study accession from study.txt: PRJNA324260

runs in study: SRR3621786
cat: Cell type
llm_entropy: 1.0724380016326904
llm_value: Hepatocytes (inferred)
hr_entry: None
cat: UBERON term
llm_entropy: 2.041640043258667
llm_value: UBERON:0002107 Liver; UBERON:0004535 Liver cell carcinoma
hr_entry: None
cat: Tissue type
llm_entropy: inf
llm_value: None
hr_entry: None
cat: Cell line
llm_entropy: 1.3862090110778809
llm_value: Primary tissue
hr_entry: None
cat: DOT term
llm_entropy: 2.0027403831481934
llm_value: DOID:684 Hepatocellular carcinoma; DOID:2043 Hepatitis C (Estimated)
hr_entry: None

Study accession from study.txt: PRJNA742971

runs in study: SRR15013671
cat: Cell type
llm_entropy: 2.7158591747283936
llm_value: Hepatocyte, Kupffer cell, Liver sinusoidal endothelial cell, Stellate cell, and others (inference from liver tissue)
hr_entry: None
cat: UBERON term
llm_entropy: 1.4822216033935547
llm_value: UBERON:0002107 + Liver
hr_entry: None
cat: Tissue type
llm_entropy: inf
llm_value: None
hr_entry: None
cat: Cell line
llm_entropy: 1.3053022623062134
llm_value: Primary tissue
hr_entry: None
cat: DOT term
llm_entropy: 2.0744593143463135
llm_value: Estimated - DOID:0060688 + Liver disease
hr_entry: None

runs in study: SRR15013552
cat: Cell type
llm_entropy: 2.7158591747283936
llm_value: Hepatocyte, Kupffer cell, Liver sinusoidal endothelial cell, Stellate cell, and others (inference from liver tissue)
hr_entry: None
cat: UBERON term
llm_entropy: 1.4822216033935547
llm_value: UBERON:0002107 + Liver
hr_entry: None
cat: Tissue type
llm_entropy: inf
llm_value: None
hr_entry: None
cat: Cell line
llm_entropy: 1.3053022623062134
llm_value: Primary tissue
hr_entry: None
cat: DOT term
llm_entropy: 2.0744593143463135
llm_value: Estimated - DOID:0060688 + Liver disease
hr_entry: None

runs in study: SRR15013467
cat: Cell type
llm_entropy: 2.7158591747283936
llm_value: Hepatocyte, Kupffer cell, Liver sinusoidal endothelial cell, Stellate cell, and others (inference from liver tissue)
hr_entry: None
cat: UBERON term
llm_entropy: 1.4822216033935547
llm_value: UBERON:0002107 + Liver
hr_entry: None
cat: Tissue type
llm_entropy: inf
llm_value: None
hr_entry: None
cat: Cell line
llm_entropy: 1.3053022623062134
llm_value: Primary tissue
hr_entry: None
cat: DOT term
llm_entropy: 2.0744593143463135
llm_value: Estimated - DOID:0060688 + Liver disease
hr_entry: None

runs in study: SRR15013504
cat: Cell type
llm_entropy: 2.7158591747283936
llm_value: Hepatocyte, Kupffer cell, Liver sinusoidal endothelial cell, Stellate cell, and others (inference from liver tissue)
hr_entry: None
cat: UBERON term
llm_entropy: 1.4822216033935547
llm_value: UBERON:0002107 + Liver
hr_entry: None
cat: Tissue type
llm_entropy: inf
llm_value: None
hr_entry: None
cat: Cell line
llm_entropy: 1.3053022623062134
llm_value: Primary tissue
hr_entry: None
cat: DOT term
llm_entropy: 2.0744593143463135
llm_value: Estimated - DOID:0060688 + Liver disease
hr_entry: None

runs in study: SRR15013479
cat: Cell type
llm_entropy: 2.7158591747283936
llm_value: Hepatocyte, Kupffer cell, Liver sinusoidal endothelial cell, Stellate cell, and others (inference from liver tissue)
hr_entry: None
cat: UBERON term
llm_entropy: 1.4822216033935547
llm_value: UBERON:0002107 + Liver
hr_entry: None
cat: Tissue type
llm_entropy: inf
llm_value: None
hr_entry: None
cat: Cell line
llm_entropy: 1.3053022623062134
llm_value: Primary tissue
hr_entry: None
cat: DOT term
llm_entropy: 2.0744593143463135
llm_value: Estimated - DOID:0060688 + Liver disease
hr_entry: None

runs in study: SRR15013677
cat: Cell type
llm_entropy: 2.7158591747283936
llm_value: Hepatocyte, Kupffer cell, Liver sinusoidal endothelial cell, Stellate cell, and others (inference from liver tissue)
hr_entry: None
cat: UBERON term
llm_entropy: 1.4822216033935547
llm_value: UBERON:0002107 + Liver
hr_entry: None
cat: Tissue type
llm_entropy: inf
llm_value: None
hr_entry: None
cat: Cell line
llm_entropy: 1.3053022623062134
llm_value: Primary tissue
hr_entry: None
cat: DOT term
llm_entropy: 2.0744593143463135
llm_value: Estimated - DOID:0060688 + Liver disease
hr_entry: None

runs in study: SRR15013520
cat: Cell type
llm_entropy: 2.7158591747283936
llm_value: Hepatocyte, Kupffer cell, Liver sinusoidal endothelial cell, Stellate cell, and others (inference from liver tissue)
hr_entry: None
cat: UBERON term
llm_entropy: 1.4822216033935547
llm_value: UBERON:0002107 + Liver
hr_entry: None
cat: Tissue type
llm_entropy: inf
llm_value: None
hr_entry: None
cat: Cell line
llm_entropy: 1.3053022623062134
llm_value: Primary tissue
hr_entry: None
cat: DOT term
llm_entropy: 2.0744593143463135
llm_value: Estimated - DOID:0060688 + Liver disease
hr_entry: None

runs in study: SRR15013657
cat: Cell type
llm_entropy: 2.7158591747283936
llm_value: Hepatocyte, Kupffer cell, Liver sinusoidal endothelial cell, Stellate cell, and others (inference from liver tissue)
hr_entry: None
cat: UBERON term
llm_entropy: 1.4822216033935547
llm_value: UBERON:0002107 + Liver
hr_entry: None
cat: Tissue type
llm_entropy: inf
llm_value: None
hr_entry: None
cat: Cell line
llm_entropy: 1.3053022623062134
llm_value: Primary tissue
hr_entry: None
cat: DOT term
llm_entropy: 2.0744593143463135
llm_value: Estimated - DOID:0060688 + Liver disease
hr_entry: None

runs in study: SRR15013518
cat: Cell type
llm_entropy: 2.7158591747283936
llm_value: Hepatocyte, Kupffer cell, Liver sinusoidal endothelial cell, Stellate cell, and others (inference from liver tissue)
hr_entry: None
cat: UBERON term
llm_entropy: 1.4822216033935547
llm_value: UBERON:0002107 + Liver
hr_entry: None
cat: Tissue type
llm_entropy: inf
llm_value: None
hr_entry: None
cat: Cell line
llm_entropy: 1.3053022623062134
llm_value: Primary tissue
hr_entry: None
cat: DOT term
llm_entropy: 2.0744593143463135
llm_value: Estimated - DOID:0060688 + Liver disease
hr_entry: None

runs in study: SRR15013666
cat: Cell type
llm_entropy: 2.7158591747283936
llm_value: Hepatocyte, Kupffer cell, Liver sinusoidal endothelial cell, Stellate cell, and others (inference from liver tissue)
hr_entry: None
cat: UBERON term
llm_entropy: 1.4822216033935547
llm_value: UBERON:0002107 + Liver
hr_entry: None
cat: Tissue type
llm_entropy: inf
llm_value: None
hr_entry: None
cat: Cell line
llm_entropy: 1.3053022623062134
llm_value: Primary tissue
hr_entry: None
cat: DOT term
llm_entropy: 2.0744593143463135
llm_value: Estimated - DOID:0060688 + Liver disease
hr_entry: None

runs in study: SRR15013683
cat: Cell type
llm_entropy: 2.7158591747283936
llm_value: Hepatocyte, Kupffer cell, Liver sinusoidal endothelial cell, Stellate cell, and others (inference from liver tissue)
hr_entry: None
cat: UBERON term
llm_entropy: 1.4822216033935547
llm_value: UBERON:0002107 + Liver
hr_entry: None
cat: Tissue type
llm_entropy: inf
llm_value: None
hr_entry: None
cat: Cell line
llm_entropy: 1.3053022623062134
llm_value: Primary tissue
hr_entry: None
cat: DOT term
llm_entropy: 2.0744593143463135
llm_value: Estimated - DOID:0060688 + Liver disease
hr_entry: None

runs in study: SRR15013478
cat: Cell type
llm_entropy: 2.7158591747283936
llm_value: Hepatocyte, Kupffer cell, Liver sinusoidal endothelial cell, Stellate cell, and others (inference from liver tissue)
hr_entry: None
cat: UBERON term
llm_entropy: 1.4822216033935547
llm_value: UBERON:0002107 + Liver
hr_entry: None
cat: Tissue type
llm_entropy: inf
llm_value: None
hr_entry: None
cat: Cell line
llm_entropy: 1.3053022623062134
llm_value: Primary tissue
hr_entry: None
cat: DOT term
llm_entropy: 2.0744593143463135
llm_value: Estimated - DOID:0060688 + Liver disease
hr_entry: None

runs in study: SRR15013587
cat: Cell type
llm_entropy: 2.7158591747283936
llm_value: Hepatocyte, Kupffer cell, Liver sinusoidal endothelial cell, Stellate cell, and others (inference from liver tissue)
hr_entry: None
cat: UBERON term
llm_entropy: 1.4822216033935547
llm_value: UBERON:0002107 + Liver
hr_entry: None
cat: Tissue type
llm_entropy: inf
llm_value: None
hr_entry: None
cat: Cell line
llm_entropy: 1.3053022623062134
llm_value: Primary tissue
hr_entry: None
cat: DOT term
llm_entropy: 2.0744593143463135
llm_value: Estimated - DOID:0060688 + Liver disease
hr_entry: None

runs in study: SRR15013601
cat: Cell type
llm_entropy: 2.7158591747283936
llm_value: Hepatocyte, Kupffer cell, Liver sinusoidal endothelial cell, Stellate cell, and others (inference from liver tissue)
hr_entry: None
cat: UBERON term
llm_entropy: 1.4822216033935547
llm_value: UBERON:0002107 + Liver
hr_entry: None
cat: Tissue type
llm_entropy: inf
llm_value: None
hr_entry: None
cat: Cell line
llm_entropy: 1.3053022623062134
llm_value: Primary tissue
hr_entry: None
cat: DOT term
llm_entropy: 2.0744593143463135
llm_value: Estimated - DOID:0060688 + Liver disease
hr_entry: None

runs in study: SRR15013573
cat: Cell type
llm_entropy: 2.7158591747283936
llm_value: Hepatocyte, Kupffer cell, Liver sinusoidal endothelial cell, Stellate cell, and others (inference from liver tissue)
hr_entry: None
cat: UBERON term
llm_entropy: 1.4822216033935547
llm_value: UBERON:0002107 + Liver
hr_entry: None
cat: Tissue type
llm_entropy: inf
llm_value: None
hr_entry: None
cat: Cell line
llm_entropy: 1.3053022623062134
llm_value: Primary tissue
hr_entry: None
cat: DOT term
llm_entropy: 2.0744593143463135
llm_value: Estimated - DOID:0060688 + Liver disease
hr_entry: None

runs in study: SRR15013488
cat: Cell type
llm_entropy: 2.7158591747283936
llm_value: Hepatocyte, Kupffer cell, Liver sinusoidal endothelial cell, Stellate cell, and others (inference from liver tissue)
hr_entry: None
cat: UBERON term
llm_entropy: 1.4822216033935547
llm_value: UBERON:0002107 + Liver
hr_entry: None
cat: Tissue type
llm_entropy: inf
llm_value: None
hr_entry: None
cat: Cell line
llm_entropy: 1.3053022623062134
llm_value: Primary tissue
hr_entry: None
cat: DOT term
llm_entropy: 2.0744593143463135
llm_value: Estimated - DOID:0060688 + Liver disease
hr_entry: None

runs in study: SRR15013611
cat: Cell type
llm_entropy: 2.7158591747283936
llm_value: Hepatocyte, Kupffer cell, Liver sinusoidal endothelial cell, Stellate cell, and others (inference from liver tissue)
hr_entry: None
cat: UBERON term
llm_entropy: 1.4822216033935547
llm_value: UBERON:0002107 + Liver
hr_entry: None
cat: Tissue type
llm_entropy: inf
llm_value: None
hr_entry: None
cat: Cell line
llm_entropy: 1.3053022623062134
llm_value: Primary tissue
hr_entry: None
cat: DOT term
llm_entropy: 2.0744593143463135
llm_value: Estimated - DOID:0060688 + Liver disease
hr_entry: None

runs in study: SRR15013598
cat: Cell type
llm_entropy: 2.7158591747283936
llm_value: Hepatocyte, Kupffer cell, Liver sinusoidal endothelial cell, Stellate cell, and others (inference from liver tissue)
hr_entry: None
cat: UBERON term
llm_entropy: 1.4822216033935547
llm_value: UBERON:0002107 + Liver
hr_entry: None
cat: Tissue type
llm_entropy: inf
llm_value: None
hr_entry: None
cat: Cell line
llm_entropy: 1.3053022623062134
llm_value: Primary tissue
hr_entry: None
cat: DOT term
llm_entropy: 2.0744593143463135
llm_value: Estimated - DOID:0060688 + Liver disease
hr_entry: None

runs in study: SRR15013615
cat: Cell type
llm_entropy: 2.7158591747283936
llm_value: Hepatocyte, Kupffer cell, Liver sinusoidal endothelial cell, Stellate cell, and others (inference from liver tissue)
hr_entry: None
cat: UBERON term
llm_entropy: 1.4822216033935547
llm_value: UBERON:0002107 + Liver
hr_entry: None
cat: Tissue type
llm_entropy: inf
llm_value: None
hr_entry: None
cat: Cell line
llm_entropy: 1.3053022623062134
llm_value: Primary tissue
hr_entry: None
cat: DOT term
llm_entropy: 2.0744593143463135
llm_value: Estimated - DOID:0060688 + Liver disease
hr_entry: None

runs in study: SRR15013528
cat: Cell type
llm_entropy: 2.7158591747283936
llm_value: Hepatocyte, Kupffer cell, Liver sinusoidal endothelial cell, Stellate cell, and others (inference from liver tissue)
hr_entry: None
cat: UBERON term
llm_entropy: 1.4822216033935547
llm_value: UBERON:0002107 + Liver
hr_entry: None
cat: Tissue type
llm_entropy: inf
llm_value: None
hr_entry: None
cat: Cell line
llm_entropy: 1.3053022623062134
llm_value: Primary tissue
hr_entry: None
cat: DOT term
llm_entropy: 2.0744593143463135
llm_value: Estimated - DOID:0060688 + Liver disease
hr_entry: None

runs in study: SRR15013630
cat: Cell type
llm_entropy: 2.7158591747283936
llm_value: Hepatocyte, Kupffer cell, Liver sinusoidal endothelial cell, Stellate cell, and others (inference from liver tissue)
hr_entry: None
cat: UBERON term
llm_entropy: 1.4822216033935547
llm_value: UBERON:0002107 + Liver
hr_entry: None
cat: Tissue type
llm_entropy: inf
llm_value: None
hr_entry: None
cat: Cell line
llm_entropy: 1.3053022623062134
llm_value: Primary tissue
hr_entry: None
cat: DOT term
llm_entropy: 2.0744593143463135
llm_value: Estimated - DOID:0060688 + Liver disease
hr_entry: None

runs in study: SRR15013470
cat: Cell type
llm_entropy: 2.7158591747283936
llm_value: Hepatocyte, Kupffer cell, Liver sinusoidal endothelial cell, Stellate cell, and others (inference from liver tissue)
hr_entry: None
cat: UBERON term
llm_entropy: 1.4822216033935547
llm_value: UBERON:0002107 + Liver
hr_entry: None
cat: Tissue type
llm_entropy: inf
llm_value: None
hr_entry: None
cat: Cell line
llm_entropy: 1.3053022623062134
llm_value: Primary tissue
hr_entry: None
cat: DOT term
llm_entropy: 2.0744593143463135
llm_value: Estimated - DOID:0060688 + Liver disease
hr_entry: None

runs in study: SRR15013462
cat: Cell type
llm_entropy: 2.7158591747283936
llm_value: Hepatocyte, Kupffer cell, Liver sinusoidal endothelial cell, Stellate cell, and others (inference from liver tissue)
hr_entry: None
cat: UBERON term
llm_entropy: 1.4822216033935547
llm_value: UBERON:0002107 + Liver
hr_entry: None
cat: Tissue type
llm_entropy: inf
llm_value: None
hr_entry: None
cat: Cell line
llm_entropy: 1.3053022623062134
llm_value: Primary tissue
hr_entry: None
cat: DOT term
llm_entropy: 2.0744593143463135
llm_value: Estimated - DOID:0060688 + Liver disease
hr_entry: None

runs in study: SRR15013524
cat: Cell type
llm_entropy: 2.7158591747283936
llm_value: Hepatocyte, Kupffer cell, Liver sinusoidal endothelial cell, Stellate cell, and others (inference from liver tissue)
hr_entry: None
cat: UBERON term
llm_entropy: 1.4822216033935547
llm_value: UBERON:0002107 + Liver
hr_entry: None
cat: Tissue type
llm_entropy: inf
llm_value: None
hr_entry: None
cat: Cell line
llm_entropy: 1.3053022623062134
llm_value: Primary tissue
hr_entry: None
cat: DOT term
llm_entropy: 2.0744593143463135
llm_value: Estimated - DOID:0060688 + Liver disease
hr_entry: None

runs in study: SRR15013669
cat: Cell type
llm_entropy: 2.7158591747283936
llm_value: Hepatocyte, Kupffer cell, Liver sinusoidal endothelial cell, Stellate cell, and others (inference from liver tissue)
hr_entry: None
cat: UBERON term
llm_entropy: 1.4822216033935547
llm_value: UBERON:0002107 + Liver
hr_entry: None
cat: Tissue type
llm_entropy: inf
llm_value: None
hr_entry: None
cat: Cell line
llm_entropy: 1.3053022623062134
llm_value: Primary tissue
hr_entry: None
cat: DOT term
llm_entropy: 2.0744593143463135
llm_value: Estimated - DOID:0060688 + Liver disease
hr_entry: None

runs in study: SRR15013588
cat: Cell type
llm_entropy: 2.7158591747283936
llm_value: Hepatocyte, Kupffer cell, Liver sinusoidal endothelial cell, Stellate cell, and others (inference from liver tissue)
hr_entry: None
cat: UBERON term
llm_entropy: 1.4822216033935547
llm_value: UBERON:0002107 + Liver
hr_entry: None
cat: Tissue type
llm_entropy: inf
llm_value: None
hr_entry: None
cat: Cell line
llm_entropy: 1.3053022623062134
llm_value: Primary tissue
hr_entry: None
cat: DOT term
llm_entropy: 2.0744593143463135
llm_value: Estimated - DOID:0060688 + Liver disease
hr_entry: None

runs in study: SRR15013639
cat: Cell type
llm_entropy: 2.7158591747283936
llm_value: Hepatocyte, Kupffer cell, Liver sinusoidal endothelial cell, Stellate cell, and others (inference from liver tissue)
hr_entry: None
cat: UBERON term
llm_entropy: 1.4822216033935547
llm_value: UBERON:0002107 + Liver
hr_entry: None
cat: Tissue type
llm_entropy: inf
llm_value: None
hr_entry: None
cat: Cell line
llm_entropy: 1.3053022623062134
llm_value: Primary tissue
hr_entry: None
cat: DOT term
llm_entropy: 2.0744593143463135
llm_value: Estimated - DOID:0060688 + Liver disease
hr_entry: None

runs in study: SRR15013497
cat: Cell type
llm_entropy: 2.7158591747283936
llm_value: Hepatocyte, Kupffer cell, Liver sinusoidal endothelial cell, Stellate cell, and others (inference from liver tissue)
hr_entry: None
cat: UBERON term
llm_entropy: 1.4822216033935547
llm_value: UBERON:0002107 + Liver
hr_entry: None
cat: Tissue type
llm_entropy: inf
llm_value: None
hr_entry: None
cat: Cell line
llm_entropy: 1.3053022623062134
llm_value: Primary tissue
hr_entry: None
cat: DOT term
llm_entropy: 2.0744593143463135
llm_value: Estimated - DOID:0060688 + Liver disease
hr_entry: None
End date: Tue Feb 11 14:53:58 CET 2025
